// Jest Snapshot v1, https://goo.gl/fbAQLP

exports[`Tests in <SearchScreen /> should be return the correctly component 1`] = `
Array [
  <h1>
    Search
  </h1>,
  <hr />,
  <div
    className="row"
  >
    <div
      className="col-5"
    >
      <form
        onSubmit={[Function]}
      >
        <input
          autoComplete="off"
          className="form-control"
          name="searchText"
          onChange={[Function]}
          placeholder="Search a Hero"
          type="text"
          value=""
        />
        <button
          className="btn btn-outline-primary mt-2"
          type="submit"
        >
          Search...
        </button>
      </form>
    </div>
    <div
      className="col-7"
    >
      <h4>
        Results
      </h4>
      <hr />
      <div
        className="alert alert-info"
      >
        Search a Hero
      </div>
    </div>
  </div>,
]
`;

exports[`Tests in <SearchScreen /> should to show the batman 1`] = `
Array [
  <h1>
    Search
  </h1>,
  <hr />,
  <div
    className="row"
  >
    <div
      className="col-5"
    >
      <form
        onSubmit={[Function]}
      >
        <input
          autoComplete="off"
          className="form-control"
          name="searchText"
          onChange={[Function]}
          placeholder="Search a Hero"
          type="text"
          value="batman"
        />
        <button
          className="btn btn-outline-primary mt-2"
          type="submit"
        >
          Search...
        </button>
      </form>
    </div>
    <div
      className="col-7"
    >
      <h4>
        Results
      </h4>
      <hr />
      <div
        className="col animate__animated animate__fadeIn"
      >
        <div
          className="card"
        >
          <div
            className="row no-gutters"
          >
            <div
              className="col-4"
            >
              <img
                alt="Batman"
                className="card-img"
                src="/assets/dc-batman.jpg"
              />
            </div>
            <div
              className="col-8"
            >
              <div
                className="card-body"
              >
                <h5
                  className="card-title"
                >
                   
                  Batman
                   
                </h5>
                <p
                  className="card-text"
                >
                   
                  Bruce Wayne
                   
                </p>
                <p
                  className="card-text"
                >
                  <small
                    className="text-muted"
                  >
                    Detective Comics #27
                  </small>
                </p>
                <a
                  href="/hero/dc-batman"
                  onClick={[Function]}
                >
                  MÃ¡s...
                </a>
              </div>
            </div>
          </div>
        </div>
      </div>
    </div>
  </div>,
]
`;

exports[`Tests in <SearchScreen /> should to show the error result 1`] = `
Array [
  <h1>
    Search
  </h1>,
  <hr />,
  <div
    className="row"
  >
    <div
      className="col-5"
    >
      <form
        onSubmit={[Function]}
      >
        <input
          autoComplete="off"
          className="form-control"
          name="searchText"
          onChange={[Function]}
          placeholder="Search a Hero"
          type="text"
          value="batman123"
        />
        <button
          className="btn btn-outline-primary mt-2"
          type="submit"
        >
          Search...
        </button>
      </form>
    </div>
    <div
      className="col-7"
    >
      <h4>
        Results
      </h4>
      <hr />
      <div
        className="alert alert-danger"
      >
        There aren't result: 
        batman123
      </div>
    </div>
  </div>,
]
`;
